2026-03-18T12:27:32.621087 Fetching data for 2018-01-01 -> 2026-03-17 | items=spy
2026-03-18T12:27:33.826081 Fetched spy
2026-03-18T12:27:33.832569 Provider stage finished successfully
2026-03-18T12:44:14.723190 Fetching data for 2018-01-01 -> 2026-03-17 | items=tlt
2026-03-18T12:44:16.069915 Fetched tlt
2026-03-18T12:44:16.082176 Provider stage finished successfully
2026-03-18T12:44:18.661830 Fetching data for 2018-01-01 -> 2026-03-17 | items=cgb
2026-03-18T12:44:20.422532 Fetched cgb
2026-03-18T12:44:20.432299 Provider stage finished successfully
2026-03-18T12:44:24.848056 Fetching data for 2018-01-01 -> 2026-03-17 | items=tlt,cgb,spy,qqq,csi300,star50,gld,slv,dbc,uso,btc,us_ip,us_payroll,us_unemployment,us_cpi,us_core_cpi,us_m2,us_fed_funds,us_yield_10y,us_yield_2y,us_term_spread,us_breakeven_5y,cn_pmi,cn_cpi,cn_ppi,cn_m2,cn_industrial,cn_gdp,usdcny
2026-03-18T12:44:26.204190 Fetched tlt
2026-03-18T12:44:26.892917 Fetched cgb
2026-03-18T12:44:28.297420 Fetched spy
2026-03-18T12:44:29.632779 Fetched qqq
2026-03-18T12:44:30.282446 Fetched csi300
2026-03-18T12:44:30.969324 Fetched star50
2026-03-18T12:44:32.228372 Fetched gld
2026-03-18T12:44:33.533779 Fetched slv
2026-03-18T12:44:34.858660 Fetched dbc
2026-03-18T12:44:36.165834 Fetched uso
2026-03-18T12:44:36.802680 Fetched btc
2026-03-18T12:44:37.662515 Fetched us_ip
2026-03-18T12:44:38.515959 Fetched us_payroll
2026-03-18T12:44:39.266375 Fetched us_unemployment
2026-03-18T12:44:40.082480 Fetched us_cpi
2026-03-18T12:44:40.918770 Fetched us_core_cpi
2026-03-18T12:44:41.855814 Fetched us_m2
2026-03-18T12:44:42.709788 Fetched us_fed_funds
2026-03-18T12:44:43.515186 Fetched us_yield_10y
2026-03-18T12:44:44.333669 Fetched us_yield_2y
2026-03-18T12:44:45.687350 Fetched us_term_spread
2026-03-18T12:44:47.055622 Fetched us_breakeven_5y
2026-03-18T12:45:08.586942 Fetched cn_pmi
2026-03-18T12:45:30.487379 Fetched cn_cpi
2026-03-18T12:45:52.099580 Fetched cn_ppi
2026-03-18T12:46:13.803853 Fetched cn_m2
2026-03-18T12:46:41.416596 Fetched cn_industrial
2026-03-18T12:47:23.987734 Fetched cn_gdp
2026-03-18T12:47:25.219287 Fetched usdcny
2026-03-18T12:47:25.263938 Provider stage finished successfully
